// Jest Snapshot v1, https://goo.gl/fbAQLP

exports[`Grid renders correctly 1`] = `
<div
  className="gridContainer"
>
  <div>
    <div
      className="imageContainer"
      onClick={[Function]}
      style={
        Object {
          "margin": "10px",
        }
      }
    >
      <img
        alt="play pause button"
        className="imageControl"
        src={
          Object {
            "ReactComponent": Object {
              "$$typeof": Symbol(react.forward_ref),
              "render": [Function],
            },
            "__esModule": true,
            "default": "play.svg",
          }
        }
      />
      <img
        className="gifImage"
        height={1004}
        src="test/still"
        width={984}
      />
      <a
        className="share"
        href="https://wa.me/?text=test/moving"
        onClick={[Function]}
      >
        <img
          alt="share on whatsapp"
          className="whatsAppIcon"
          src={
            Object {
              "ReactComponent": Object {
                "$$typeof": Symbol(react.forward_ref),
                "render": [Function],
              },
              "__esModule": true,
              "default": "whatsapp.svg",
            }
          }
        />
      </a>
    </div>
  </div>
</div>
`;
