// Jest Snapshot v1, https://goo.gl/fbAQLP

exports[`App renders correctly 1`] = `
<div
  className="appContainer"
>
  <div
    className="headerContainer"
  >
    <img
      className="appLogo"
      src="appLogo.png"
    />
    <div
      className="controlsContainer"
      onClick={[Function]}
    >
      Play All
    </div>
  </div>
  <input
    className="searchInput"
    onChange={[Function]}
    onKeyDown={[Function]}
    placeholder="Search"
    type="text"
  />
  <div
    className="gridContainer"
  >
    <div />
    <div />
    <div />
    <div />
  </div>
</div>
`;
